// Jest Snapshot v1, https://goo.gl/fbAQLP

exports[`ChatApp should render normally 1`] = `
<div
  className="grid-y grid-frame align-center"
>
  <Switch>
    <Route
      path="/login"
      render={[Function]}
    />
    <Route
      path="/chat"
      render={[Function]}
    />
    <Route
      render={[Function]}
    />
  </Switch>
</div>
`;
